add-riscv-tests.bin
Core 0: [32mHIT GOOD TRAP at pc = 0x80000548
addi-riscv-tests.bin
Core 0: [32mHIT GOOD TRAP at pc = 0x800002c8
addiw-riscv-tests.bin
Core 0: [32mHIT GOOD TRAP at pc = 0x800002c8
addw-riscv-tests.bin
Core 0: [32mHIT GOOD TRAP at pc = 0x80000508
and-riscv-tests.bin
Core 0: [32mHIT GOOD TRAP at pc = 0x80000588
andi-riscv-tests.bin
Core 0: [32mHIT GOOD TRAP at pc = 0x80000248
auipc-riscv-tests.bin
Core 0: [32mHIT GOOD TRAP at pc = 0x80000080
beq-riscv-tests.bin
Core 0: [32mHIT GOOD TRAP at pc = 0x80000308
bge-riscv-tests.bin
Core 0: [32mHIT GOOD TRAP at pc = 0x80000348
bgeu-riscv-tests.bin
Core 0: [32mHIT GOOD TRAP at pc = 0x80000448
blt-riscv-tests.bin
Core 0: [32mHIT GOOD TRAP at pc = 0x80000308
bltu-riscv-tests.bin
Core 0: [32mHIT GOOD TRAP at pc = 0x800003c8
bne-riscv-tests.bin
Core 0: [32mHIT GOOD TRAP at pc = 0x80000308
jal-riscv-tests.bin
Core 0: [32mHIT GOOD TRAP at pc = 0x80000088
jalr-riscv-tests.bin
Core 0: [32mHIT GOOD TRAP at pc = 0x80000148
lb-riscv-tests.bin
Core 0: [32mHIT GOOD TRAP at pc = 0x80000288
lbu-riscv-tests.bin
Core 0: [32mHIT GOOD TRAP at pc = 0x80000288
ld-riscv-tests.bin
Core 0: [32mHIT GOOD TRAP at pc = 0x80000408
lh-riscv-tests.bin
Core 0: [32mHIT GOOD TRAP at pc = 0x80000288
lhu-riscv-tests.bin
Core 0: [32mHIT GOOD TRAP at pc = 0x800002c8
lui-riscv-tests.bin
Core 0: [32mHIT GOOD TRAP at pc = 0x80000088
lw-riscv-tests.bin
Core 0: [32mHIT GOOD TRAP at pc = 0x800002c8
lwu-riscv-tests.bin
Core 0: [32mHIT GOOD TRAP at pc = 0x80000308
or-riscv-tests.bin
Core 0: [32mHIT GOOD TRAP at pc = 0x80000608
ori-riscv-tests.bin
Core 0: [32mHIT GOOD TRAP at pc = 0x80000208
sb-riscv-tests.bin
Core 0: [31mHIT BAD TRAP at pc = 0x80000448
sd-riscv-tests.bin
Core 0: [32mHIT GOOD TRAP at pc = 0x80000688
sh-riscv-tests.bin
Core 0: [32mHIT GOOD TRAP at pc = 0x800004c8
simple-riscv-tests.bin
Core 0: [32mHIT GOOD TRAP at pc = 0x80000048
sll-riscv-tests.bin
Core 0: [32mHIT GOOD TRAP at pc = 0x80000648
slli-riscv-tests.bin
Core 0: [32mHIT GOOD TRAP at pc = 0x80000348
slliw-riscv-tests.bin
Core 0: [32mHIT GOOD TRAP at pc = 0x80000348
sllw-riscv-tests.bin
Core 0: [32mHIT GOOD TRAP at pc = 0x80000648
slt-riscv-tests.bin
Core 0: [32mHIT GOOD TRAP at pc = 0x80000508
slti-riscv-tests.bin
Core 0: [32mHIT GOOD TRAP at pc = 0x800002c8
sltiu-riscv-tests.bin
Core 0: [32mHIT GOOD TRAP at pc = 0x800002c8
sltu-riscv-tests.bin
Core 0: [32mHIT GOOD TRAP at pc = 0x80000548
sra-riscv-tests.bin
Core 0: [32mHIT GOOD TRAP at pc = 0x800005c8
srai-riscv-tests.bin
Core 0: [32mHIT GOOD TRAP at pc = 0x80000308
sraiw-riscv-tests.bin
Core 0: [32mHIT GOOD TRAP at pc = 0x800003c8
sraw-riscv-tests.bin
Core 0: [32mHIT GOOD TRAP at pc = 0x80000688
srl-riscv-tests.bin
Core 0: [32mHIT GOOD TRAP at pc = 0x80000648
srli-riscv-tests.bin
Core 0: [32mHIT GOOD TRAP at pc = 0x80000348
srliw-riscv-tests.bin
Core 0: [32mHIT GOOD TRAP at pc = 0x80000348
srlw-riscv-tests.bin
Core 0: [32mHIT GOOD TRAP at pc = 0x80000648
sub-riscv-tests.bin
Core 0: [32mHIT GOOD TRAP at pc = 0x80000508
subw-riscv-tests.bin
Core 0: [32mHIT GOOD TRAP at pc = 0x80000508
sw-riscv-tests.bin
Core 0: [32mHIT GOOD TRAP at pc = 0x800004c8
xor-riscv-tests.bin
Core 0: [32mHIT GOOD TRAP at pc = 0x80000608
xori-riscv-tests.bin
Core 0: [32mHIT GOOD TRAP at pc = 0x80000208
